
=== Pipeline ===
  sampling   : fps
  rule_gen   : llm_coarse_gpt54
  refine     : p_hybrid
  apply      : descent
  dataset    : nopv  cluster : all_docs
  output_dir : results/nopv/grid
  rules_root : /mnt/data/LSF/rules/nopv/grid/fps/llm_coarse_gpt54
  cache_root : results/nopv/grid/cache/fps/llm_coarse_gpt54
  refined    : results/nopv/grid/refined/fps/llm_coarse_gpt54/p_hybrid
  apply      : results/nopv/grid/apply/fps/llm_coarse_gpt54/p_hybrid/descent

Stage 1 — Sampling
  [sampling:fps] SKIP (exists at results/nopv/grid/sampling/fps)
  sampled=20  unsampled=222
  questions=12


--- Question: What is the legal name of the pipeline operator to whom this Notice is addressed?
Stage 2 — Rule Generation
  [gen:llm_coarse_gpt54] SKIP what_is_the_legal_name_of_the_pipeline_operator_to_whom_this
Phase C — Precompute
  [precompute:cost] SKIP what_is_the_legal_name_of_the_pipeline_operator_to_whom_this
  [precompute:ev_gpt54mini] SKIP what_is_the_legal_name_of_the_pipeline_operator_to_whom_this
  [precompute:merge_base] SKIP what_is_the_legal_name_of_the_pipeline_operator_to_whom_this
Stage 3 — Rule Refinement
  [refine:p_hybrid] SKIP what_is_the_legal_name_of_the_pipeline_operator_to_whom_this
Stage 4 — Apply + Evaluate
  [apply:sampled] descent  rules=20  docs=20
  [eval:sampled] accuracy=0.900  cost_ratio=0.1098
  [apply:unsampled] descent  rules=20  docs=222
  [eval:unsampled] accuracy=0.951  cost_ratio=0.2513

--- Question: What is the CPF case number assigned to this enforcement action?
Stage 2 — Rule Generation
  [gen:llm_coarse_gpt54] SKIP what_is_the_cpf_case_number_assigned_to_this_enforcement_act
Phase C — Precompute
  [precompute:cost] SKIP what_is_the_cpf_case_number_assigned_to_this_enforcement_act
  [precompute:ev_gpt54mini] SKIP what_is_the_cpf_case_number_assigned_to_this_enforcement_act
  [precompute:merge_base] SKIP what_is_the_cpf_case_number_assigned_to_this_enforcement_act
Stage 3 — Rule Refinement
  [refine:p_hybrid] SKIP what_is_the_cpf_case_number_assigned_to_this_enforcement_act
Stage 4 — Apply + Evaluate
  [apply:sampled] descent  rules=20  docs=20
  [eval:sampled] accuracy=1.000  cost_ratio=0.0048
  [apply:unsampled] descent  rules=20  docs=222
  [eval:unsampled] accuracy=0.978  cost_ratio=0.0042

--- Question: Which PHMSA Region office (e.g., Eastern, Southern, Central, Western, Southwest) issued this Notice?
Stage 2 — Rule Generation
  [gen:llm_coarse_gpt54] SKIP which_phmsa_region_office_eg_eastern_southern_central_wester
Phase C — Precompute
  [precompute:cost] SKIP which_phmsa_region_office_eg_eastern_southern_central_wester
  [precompute:ev_gpt54mini] SKIP which_phmsa_region_office_eg_eastern_southern_central_wester
  [precompute:merge_base] SKIP which_phmsa_region_office_eg_eastern_southern_central_wester
Stage 3 — Rule Refinement
  [refine:p_hybrid] SKIP which_phmsa_region_office_eg_eastern_southern_central_wester
Stage 4 — Apply + Evaluate
  [apply:sampled] descent  rules=20  docs=20
  [eval:sampled] accuracy=1.000  cost_ratio=0.0377
  [apply:unsampled] descent  rules=20  docs=222
  [eval:unsampled] accuracy=1.000  cost_ratio=0.0247

--- Question: On what date was this Notice of Probable Violation issued?
Stage 2 — Rule Generation
  [gen:llm_coarse_gpt54] SKIP on_what_date_was_this_notice_of_probable_violation_issued
Phase C — Precompute
  [precompute:cost] SKIP on_what_date_was_this_notice_of_probable_violation_issued
  [precompute:ev_gpt54mini] SKIP on_what_date_was_this_notice_of_probable_violation_issued
  [precompute:merge_base] SKIP on_what_date_was_this_notice_of_probable_violation_issued
Stage 3 — Rule Refinement
  [refine:p_hybrid] SKIP on_what_date_was_this_notice_of_probable_violation_issued
Stage 4 — Apply + Evaluate
  [apply:sampled] descent  rules=20  docs=20
  [eval:sampled] accuracy=0.950  cost_ratio=0.0031
  [apply:unsampled] descent  rules=20  docs=222
  [eval:unsampled] accuracy=0.978  cost_ratio=0.0046

--- Question: On what date or date range did PHMSA conduct the inspection that gave rise to this Notice?
Stage 2 — Rule Generation
  [gen:llm_coarse_gpt54] SKIP on_what_date_or_date_range_did_phmsa_conduct_the_inspection_
Phase C — Precompute
  [precompute:cost] SKIP on_what_date_or_date_range_did_phmsa_conduct_the_inspection_
  [precompute:ev_gpt54mini] SKIP on_what_date_or_date_range_did_phmsa_conduct_the_inspection_
  [precompute:merge_base] SKIP on_what_date_or_date_range_did_phmsa_conduct_the_inspection_
Stage 3 — Rule Refinement
  [refine:p_hybrid] SKIP on_what_date_or_date_range_did_phmsa_conduct_the_inspection_
Stage 4 — Apply + Evaluate
  [apply:sampled] descent  rules=20  docs=20
  [eval:sampled] accuracy=0.950  cost_ratio=0.0423
  [apply:unsampled] descent  rules=20  docs=222
  [eval:unsampled] accuracy=0.978  cost_ratio=0.0382

--- Question: In which U.S. state (or states) is the pipeline facility addressed in this Notice physically located?
Stage 2 — Rule Generation
  [gen:llm_coarse_gpt54] SKIP in_which_us_state_or_states_is_the_pipeline_facility_address
Phase C — Precompute
  [precompute:cost] SKIP in_which_us_state_or_states_is_the_pipeline_facility_address
  [precompute:ev_gpt54mini] SKIP in_which_us_state_or_states_is_the_pipeline_facility_address
  [precompute:merge_base] SKIP in_which_us_state_or_states_is_the_pipeline_facility_address
Stage 3 — Rule Refinement
  [refine:p_hybrid] SKIP in_which_us_state_or_states_is_the_pipeline_facility_address
Stage 4 — Apply + Evaluate
  [apply:sampled] descent  rules=20  docs=20
/mnt/data/LSF/src/rule_refine/selection/select_rules_pareto_proxy.py:88: UserWarning: Rule rule_proposed_compliance_order_location_sites error: expected 'except' or 'finally' block (rule_proposed_compliance_order_location_sites.py, line 4)
  warnings.warn(f"Rule {rn} error: {exc}")
  [eval:sampled] accuracy=0.950  cost_ratio=0.1172
  [apply:unsampled] descent  rules=20  docs=222
  [eval:unsampled] accuracy=0.811  cost_ratio=0.0990

--- Question: Under which 49 CFR Part is the operator's regulated activity covered (e.g., Part 192, Part 195, Part 199)?
Stage 2 — Rule Generation
  [gen:llm_coarse_gpt54] SKIP under_which_49_cfr_part_is_the_operators_regulated_activity_
Phase C — Precompute
  [precompute:cost] SKIP under_which_49_cfr_part_is_the_operators_regulated_activity_
  [precompute:ev_gpt54mini] SKIP under_which_49_cfr_part_is_the_operators_regulated_activity_
  [precompute:merge_base] SKIP under_which_49_cfr_part_is_the_operators_regulated_activity_
Stage 3 — Rule Refinement
  [refine:p_hybrid] SKIP under_which_49_cfr_part_is_the_operators_regulated_activity_
Stage 4 — Apply + Evaluate
  [apply:sampled] descent  rules=20  docs=20
  [eval:sampled] accuracy=1.000  cost_ratio=0.0973
  [apply:unsampled] descent  rules=20  docs=222
  [eval:unsampled] accuracy=0.978  cost_ratio=0.0822

--- Question: How many distinct alleged violations are enumerated in the body of this Notice?
Stage 2 — Rule Generation
  [gen:llm_coarse_gpt54] SKIP how_many_distinct_alleged_violations_are_enumerated_in_the_b
Phase C — Precompute
  [precompute:cost] SKIP how_many_distinct_alleged_violations_are_enumerated_in_the_b
  [precompute:ev_gpt54mini] SKIP how_many_distinct_alleged_violations_are_enumerated_in_the_b
  [precompute:merge_base] SKIP how_many_distinct_alleged_violations_are_enumerated_in_the_b
Stage 3 — Rule Refinement
  [refine:p_hybrid] SKIP how_many_distinct_alleged_violations_are_enumerated_in_the_b
Stage 4 — Apply + Evaluate
  [apply:sampled] descent  rules=20  docs=20
  [eval:sampled] accuracy=0.950  cost_ratio=0.1317
  [apply:unsampled] descent  rules=20  docs=222
  [eval:unsampled] accuracy=0.955  cost_ratio=0.1283

--- Question: List all 49 CFR section numbers cited as the basis for alleged violations in this Notice.
Stage 2 — Rule Generation
  [gen:llm_coarse_gpt54] SKIP list_all_49_cfr_section_numbers_cited_as_the_basis_for_alleg
Phase C — Precompute
  [precompute:cost] SKIP list_all_49_cfr_section_numbers_cited_as_the_basis_for_alleg
  [precompute:ev_gpt54mini] SKIP list_all_49_cfr_section_numbers_cited_as_the_basis_for_alleg
  [precompute:merge_base] SKIP list_all_49_cfr_section_numbers_cited_as_the_basis_for_alleg
Stage 3 — Rule Refinement
  [refine:p_hybrid] SKIP list_all_49_cfr_section_numbers_cited_as_the_basis_for_alleg
Stage 4 — Apply + Evaluate
  [apply:sampled] descent  rules=20  docs=20
  [eval:sampled] accuracy=0.600  cost_ratio=0.5888
  [apply:unsampled] descent  rules=20  docs=222
  [eval:unsampled] accuracy=0.676  cost_ratio=0.5711

--- Question: How many distinct corrective action items are listed in the Proposed Compliance Order section?
Stage 2 — Rule Generation
  [gen:llm_coarse_gpt54] SKIP how_many_distinct_corrective_action_items_are_listed_in_the_
Phase C — Precompute
  [precompute:cost] SKIP how_many_distinct_corrective_action_items_are_listed_in_the_
  [precompute:ev_gpt54mini] SKIP how_many_distinct_corrective_action_items_are_listed_in_the_
  [precompute:merge_base] SKIP how_many_distinct_corrective_action_items_are_listed_in_the_
Stage 3 — Rule Refinement
  [refine:p_hybrid] SKIP how_many_distinct_corrective_action_items_are_listed_in_the_
Stage 4 — Apply + Evaluate
  [apply:sampled] descent  rules=20  docs=20
  [eval:sampled] accuracy=0.850  cost_ratio=0.7039
  [apply:unsampled] descent  rules=20  docs=222
  [eval:unsampled] accuracy=0.829  cost_ratio=0.5902

--- Question: What is the longest deadline (in days, measured from the Final Order's issuance) specified in the Proposed Compliance Order for completion of any corrective action item?
Stage 2 — Rule Generation
  [gen:llm_coarse_gpt54] SKIP what_is_the_longest_deadline_in_days_measured_from_the_final
Phase C — Precompute
  [precompute:cost] SKIP what_is_the_longest_deadline_in_days_measured_from_the_final
  [precompute:ev_gpt54mini] SKIP what_is_the_longest_deadline_in_days_measured_from_the_final
  [precompute:merge_base] SKIP what_is_the_longest_deadline_in_days_measured_from_the_final
Stage 3 — Rule Refinement
  [refine:p_hybrid] SKIP what_is_the_longest_deadline_in_days_measured_from_the_final
Stage 4 — Apply + Evaluate
  [apply:sampled] descent  rules=20  docs=20
  [eval:sampled] accuracy=1.000  cost_ratio=0.5270
  [apply:unsampled] descent  rules=20  docs=222
  [eval:unsampled] accuracy=0.928  cost_ratio=0.3869

--- Question: Who signed this Notice on behalf of PHMSA (Regional Director or Director of the issuing office)?
Stage 2 — Rule Generation
  [gen:llm_coarse_gpt54] SKIP who_signed_this_notice_on_behalf_of_phmsa_regional_director_
Phase C — Precompute
  [precompute:cost] SKIP who_signed_this_notice_on_behalf_of_phmsa_regional_director_
  [precompute:ev_gpt54mini] SKIP who_signed_this_notice_on_behalf_of_phmsa_regional_director_
  [precompute:merge_base] SKIP who_signed_this_notice_on_behalf_of_phmsa_regional_director_
Stage 3 — Rule Refinement
  [refine:p_hybrid] SKIP who_signed_this_notice_on_behalf_of_phmsa_regional_director_
Stage 4 — Apply + Evaluate
  [apply:sampled] descent  rules=20  docs=20
  [eval:sampled] accuracy=1.000  cost_ratio=0.1389
  [apply:unsampled] descent  rules=20  docs=222
  [eval:unsampled] accuracy=0.987  cost_ratio=0.1043

=== Done. Summary -> results/nopv/grid/apply/fps/llm_coarse_gpt54/p_hybrid/descent/pipeline_summary.json ===
