Queries  : 16
Documents: 200
Total calls: 200 (one per doc, all queries merged)

[1/200] treasury_bulletin_1980_07.pdf                       in= 69873  out= 394  lat=  6.9s
[2/200] treasury_bulletin_1980_08.pdf                       in= 57202  out= 499  lat=  6.0s
[3/200] treasury_bulletin_1980_09.pdf                       in= 95888  out= 396  lat=  8.6s
[4/200] treasury_bulletin_1980_10.pdf                       in= 72670  out= 499  lat=  6.4s
[5/200] treasury_bulletin_1980_11.pdf                       in= 93971  out= 399  lat=  6.0s
[6/200] treasury_bulletin_1980_12.pdf                       in= 81722  out= 501  lat=  7.0s
[7/200] treasury_bulletin_1981_01.pdf                       in= 80329  out= 409  lat=  5.8s
[8/200] treasury_bulletin_1981_02.pdf                       in= 83660  out= 403  lat=  6.1s
[9/200] treasury_bulletin_1981_03.pdf                       in=124189  out= 400  lat=  6.9s
[10/200] treasury_bulletin_1981_04.pdf                       in= 92136  out= 402  lat=  7.7s
[11/200] treasury_bulletin_1981_05.pdf                       in= 77723  out= 495  lat=  6.9s
[12/200] treasury_bulletin_1981_06.pdf                       in=280411  out= 408  lat= 18.0s
[13/200] treasury_bulletin_1981_07.pdf                       in=120737  out= 502  lat= 12.1s
[14/200] treasury_bulletin_1981_08.pdf                       in= 91854  out= 400  lat=  8.9s
[15/200] treasury_bulletin_1981_09.pdf                       in= 89987  out= 403  lat= 16.0s
[16/200] treasury_bulletin_1981_10.pdf                       in= 78462  out= 501  lat=  7.7s
[17/200] treasury_bulletin_1981_11.pdf                       in= 72671  out= 494  lat=  7.2s
[18/200] treasury_bulletin_1981_12.pdf                       in= 78559  out= 400  lat=  6.2s
[19/200] treasury_bulletin_1982_01.pdf                       in= 86849  out= 404  lat=  8.6s
[20/200] treasury_bulletin_1982_02.pdf                       in= 72563  out= 409  lat=  7.0s
[21/200] treasury_bulletin_1982_03.pdf                       in=118260  out= 406  lat= 10.0s
[22/200] treasury_bulletin_1982_04.pdf                       in= 63795  out= 496  lat=  6.6s
[23/200] treasury_bulletin_1982_05.pdf                       in= 68845  out= 398  lat=  5.7s
[24/200] treasury_bulletin_1982_06.pdf                       in= 78057  out= 400  lat=  5.7s
[25/200] treasury_bulletin_1982_07.pdf                       in= 80938  out= 402  lat=  6.7s
[26/200] treasury_bulletin_1982_08.pdf                       in= 75536  out= 489  lat=  7.2s
[27/200] treasury_bulletin_1982_09.pdf                       in= 70097  out= 497  lat=  6.9s
[28/200] treasury_bulletin_1982_10.pdf                       in= 64256  out= 407  lat=  6.4s
[29/200] treasury_bulletin_1982_11.pdf                       in= 85020  out= 407  lat=  8.0s
[30/200] treasury_bulletin_1983_03.pdf                       in= 71657  out= 394  lat=  5.6s
[31/200] treasury_bulletin_1983_06.pdf                       in= 80983  out= 400  lat=  6.8s
[32/200] treasury_bulletin_1983_09.pdf                       in= 69794  out= 399  lat=  6.7s
[33/200] treasury_bulletin_1983_12.pdf                       in= 54119  out= 402  lat=  5.6s
[34/200] treasury_bulletin_1984_03.pdf                       in=128044  out= 410  lat=  7.8s
[35/200] treasury_bulletin_1984_06.pdf                       in= 31345  out= 499  lat=  6.8s
[36/200] treasury_bulletin_1984_09.pdf                       in= 38304  out= 508  lat=  5.9s
[37/200] treasury_bulletin_1984_12.pdf                       in= 45322  out= 405  lat=  5.8s
[38/200] treasury_bulletin_1985_03.pdf                       in=129714  out= 408  lat=  7.8s
[39/200] treasury_bulletin_1985_06.pdf                       in= 44122  out= 508  lat=  8.6s
[40/200] treasury_bulletin_1985_09.pdf                       in= 74137  out= 407  lat=  6.4s
[41/200] treasury_bulletin_1985_12.pdf                       in= 43434  out= 399  lat=  5.7s
[42/200] treasury_bulletin_1986_03.pdf                       in= 53236  out= 408  lat=  6.8s
[43/200] treasury_bulletin_1986_06.pdf                       in= 58179  out= 510  lat=  6.9s
[44/200] treasury_bulletin_1986_09.pdf                       in= 47517  out= 413  lat= 10.6s
[45/200] treasury_bulletin_1986_12.pdf                       in= 54190  out= 413  lat=  7.1s
[46/200] treasury_bulletin_1987_03.pdf                       in= 74284  out= 417  lat=  7.8s
[47/200] treasury_bulletin_1987_06.pdf                       in= 40122  out= 510  lat=  6.9s
[48/200] treasury_bulletin_1987_09.pdf                       in= 59050  out= 509  lat=  7.1s
[49/200] treasury_bulletin_1987_12.pdf                       in= 56721  out= 510  lat=  9.8s
[50/200] treasury_bulletin_1988_03.pdf                       in= 88326  out= 413  lat=  8.8s
[51/200] treasury_bulletin_1988_06.pdf                       in= 59794  out= 510  lat=  7.1s
[52/200] treasury_bulletin_1988_09.pdf                       in= 55970  out= 371  lat=  5.6s
[53/200] treasury_bulletin_1988_12.pdf                       in= 56035  out= 413  lat=  6.7s
[54/200] treasury_bulletin_1989_03.pdf                       in=107012  out= 414  lat=  6.8s
[55/200] treasury_bulletin_1989_06.pdf                       in= 53147  out= 512  lat=  6.2s
[56/200] treasury_bulletin_1989_09.pdf                       in= 65780  out= 415  lat=  6.8s
[57/200] treasury_bulletin_1989_12.pdf                       in= 56825  out= 512  lat=  7.5s
[58/200] treasury_bulletin_1990_03.pdf                       in= 72413  out= 417  lat=  7.5s
[59/200] treasury_bulletin_1990_06.pdf                       in= 67275  out= 413  lat=  6.6s
[60/200] treasury_bulletin_1990_09.pdf                       in= 57624  out= 414  lat=  7.3s
[61/200] treasury_bulletin_1990_12.pdf                       in= 60251  out= 514  lat=  7.4s
[62/200] treasury_bulletin_1991_03.pdf                       in= 61867  out= 414  lat=  6.5s
[63/200] treasury_bulletin_1991_06.pdf                       in= 74109  out= 419  lat=  6.1s
[64/200] treasury_bulletin_1991_09.pdf                       in= 61754  out= 414  lat=  5.9s
[65/200] treasury_bulletin_1991_12.pdf                       in= 83293  out= 517  lat=  7.3s
[66/200] treasury_bulletin_1992_03.pdf                       in= 76922  out= 416  lat=  6.3s
[67/200] treasury_bulletin_1992_06.pdf                       in= 72292  out= 412  lat=  7.0s
[68/200] treasury_bulletin_1992_09.pdf                       in= 70612  out= 417  lat=  6.1s
[69/200] treasury_bulletin_1992_12.pdf                       in= 64437  out= 422  lat=  5.8s
[70/200] treasury_bulletin_1993_03.pdf                       in= 66158  out= 422  lat=  5.9s
[71/200] treasury_bulletin_1993_06.pdf                       in= 59475  out= 519  lat=  7.6s
[72/200] treasury_bulletin_1993_09.pdf                       in= 52306  out= 422  lat=  9.5s
[73/200] treasury_bulletin_1993_12.pdf                       in= 73666  out= 425  lat=  8.7s
[74/200] treasury_bulletin_1994_03.pdf                       in= 74032  out= 423  lat=  9.7s
[75/200] treasury_bulletin_1994_06.pdf                       in= 70219  out= 422  lat=  6.9s
[76/200] treasury_bulletin_1994_09.pdf                       in= 64269  out= 424  lat=  6.8s
[77/200] treasury_bulletin_1994_12.pdf                       in= 74653  out= 424  lat=  6.5s
[78/200] treasury_bulletin_1995_03.pdf                       in= 88780  out= 376  lat=  6.2s
[79/200] treasury_bulletin_1995_06.pdf                       in= 69359  out= 425  lat=  7.0s
[80/200] treasury_bulletin_1995_09.pdf                       in= 60157  out= 424  lat=  5.7s
[81/200] treasury_bulletin_1995_12.pdf                       in= 71627  out= 422  lat=  6.6s
[82/200] treasury_bulletin_1996_03.pdf                       in=252494  out= 423  lat= 21.0s
[83/200] treasury_bulletin_1996_06.pdf                       in=218171  out= 424  lat= 18.3s
[84/200] treasury_bulletin_1996_09.pdf                       in=197483  out= 422  lat= 19.1s
[85/200] treasury_bulletin_1996_12.pdf                       in=222012  out= 427  lat= 23.2s
[86/200] treasury_bulletin_1997_03.pdf                       in=245020  out= 424  lat= 22.2s
[87/200] treasury_bulletin_1997_06.pdf                       in=206879  out= 423  lat= 21.2s
[88/200] treasury_bulletin_1997_09.pdf                       in=208848  out= 426  lat= 19.4s
[89/200] treasury_bulletin_1997_12.pdf                       in=219496  out= 425  lat= 16.8s
[90/200] treasury_bulletin_1998_03.pdf                       in=245947  out= 424  lat= 20.5s
[91/200] treasury_bulletin_1998_06.pdf                       in=214759  out= 420  lat= 24.5s
[92/200] treasury_bulletin_1998_09.pdf                       in=209979  out= 424  lat= 22.8s
[93/200] treasury_bulletin_1998_12.pdf                       in=226535  out= 426  lat= 19.4s
[94/200] treasury_bulletin_1999_03.pdf                       in=248971  out= 423  lat= 20.6s
[95/200] treasury_bulletin_1999_06.pdf                       in=223836  out= 424  lat= 21.2s
[96/200] treasury_bulletin_1999_09.pdf                       in=217731  out= 425  lat= 23.5s
[97/200] treasury_bulletin_1999_12.pdf                       in=238399  out= 424  lat= 16.2s
[98/200] treasury_bulletin_2000_03.pdf                       in=265618  out= 422  lat= 21.5s
[99/200] treasury_bulletin_2000_06.pdf                       in=238965  out= 516  lat= 25.8s
[100/200] treasury_bulletin_2000_09.pdf                       in=210142  out= 426  lat= 15.2s
[101/200] treasury_bulletin_2000_12.pdf                       in=235989  out= 426  lat= 22.6s
[102/200] treasury_bulletin_2001_03.pdf                       in=240424  out= 424  lat= 16.8s
[103/200] treasury_bulletin_2001_06.pdf                       in=238467  out= 419  lat= 17.9s
[104/200] treasury_bulletin_2001_09.pdf                       in=212456  out= 519  lat= 22.2s
[105/200] treasury_bulletin_2001_12.pdf                       in=252744  out= 422  lat= 18.7s
[106/200] treasury_bulletin_2002_03.pdf                       in=259340  out= 424  lat= 16.7s
[107/200] treasury_bulletin_2002_06.pdf                       in=147838  out= 516  lat=  9.1s
[108/200] treasury_bulletin_2002_09.pdf                       in=141377  out= 517  lat=  7.7s
[109/200] treasury_bulletin_2002_12.pdf                       in=163368  out= 426  lat= 15.6s
[110/200] treasury_bulletin_2003_03.pdf                       in=161858  out= 518  lat= 17.0s
[111/200] treasury_bulletin_2003_06.pdf                       in=148640  out= 519  lat= 13.3s
[112/200] treasury_bulletin_2003_09.pdf                       in=143414  out= 518  lat=  9.3s
[113/200] treasury_bulletin_2003_12.pdf                       in=167273  out= 519  lat= 20.4s
[114/200] treasury_bulletin_2004_03.pdf                       in=161408  out= 519  lat= 19.8s
[115/200] treasury_bulletin_2004_06.pdf                       in=152606  out= 423  lat= 16.7s
[116/200] treasury_bulletin_2004_09.pdf                       in=146579  out= 521  lat= 10.0s
[117/200] treasury_bulletin_2004_12.pdf                       in=171411  out= 521  lat= 24.8s
[118/200] treasury_bulletin_2005_03.pdf                       in=171572  out= 423  lat= 20.9s
[119/200] treasury_bulletin_2005_06.pdf                       in=149677  out= 420  lat= 10.5s
[120/200] treasury_bulletin_2005_09.pdf                       in=145632  out= 423  lat=  8.7s
[121/200] treasury_bulletin_2005_12.pdf                       in=169916  out= 520  lat= 18.4s
[122/200] treasury_bulletin_2006_03.pdf                       in=168934  out= 421  lat= 21.3s
[123/200] treasury_bulletin_2006_06.pdf                       in=145865  out= 520  lat= 14.4s
[124/200] treasury_bulletin_2006_09.pdf                       in=145639  out= 419  lat= 11.9s
[125/200] treasury_bulletin_2006_12.pdf                       in=160525  out= 519  lat= 24.4s
[126/200] treasury_bulletin_2007_03.pdf                       in=174377  out= 421  lat= 15.2s
[127/200] treasury_bulletin_2007_06.pdf                       in=153517  out= 424  lat= 17.9s
[128/200] treasury_bulletin_2007_09.pdf                       in=141794  out= 423  lat= 11.4s
[129/200] treasury_bulletin_2007_12.pdf                       in=157617  out= 424  lat= 24.7s
[130/200] treasury_bulletin_2008_03.pdf                       in=172082  out= 424  lat= 20.3s
[131/200] treasury_bulletin_2008_06.pdf                       in=139584  out= 422  lat=  8.5s
[132/200] treasury_bulletin_2008_09.pdf                       in=140335  out= 376  lat= 13.7s
[133/200] treasury_bulletin_2008_12.pdf                       in=157501  out= 422  lat= 14.8s
[134/200] treasury_bulletin_2009_03.pdf                       in=176973  out= 420  lat= 19.8s
[135/200] treasury_bulletin_2009_06.pdf                       in=147603  out= 423  lat= 12.1s
[136/200] treasury_bulletin_2009_09.pdf                       in=145214  out= 425  lat=  9.8s
[137/200] treasury_bulletin_2009_12.pdf                       in=158051  out= 425  lat= 17.7s
[138/200] treasury_bulletin_2010_03.pdf                       in=172242  out= 422  lat= 16.4s
[139/200] treasury_bulletin_2010_06.pdf                       in=145667  out= 422  lat=  7.9s
[140/200] treasury_bulletin_2010_09.pdf                       in=146998  out= 425  lat=  8.3s
[141/200] treasury_bulletin_2010_12.pdf                       in=159626  out= 423  lat= 17.6s
[142/200] treasury_bulletin_2011_03.pdf                       in=176551  out= 421  lat= 25.3s
[143/200] treasury_bulletin_2011_06.pdf                       in=144236  out= 422  lat=  7.3s
[144/200] treasury_bulletin_2011_09.pdf                       in=141788  out= 376  lat=  7.2s
[145/200] treasury_bulletin_2011_12.pdf                       in=157400  out= 423  lat= 22.4s
[146/200] treasury_bulletin_2012_03.pdf                       in=174315  out= 425  lat= 16.8s
[147/200] treasury_bulletin_2012_06.pdf                       in=144927  out= 423  lat=  8.6s
[148/200] treasury_bulletin_2012_09.pdf                       in=145536  out= 423  lat=  9.8s
[149/200] treasury_bulletin_2012_12.pdf                       in=160619  out= 423  lat= 15.0s
[150/200] treasury_bulletin_2013_03.pdf                       in=158601  out= 421  lat= 15.5s
[151/200] treasury_bulletin_2013_06.pdf                       in=162273  out= 418  lat= 19.2s
[152/200] treasury_bulletin_2013_09.pdf                       in=145953  out= 424  lat=  7.6s
[153/200] treasury_bulletin_2013_12.pdf                       in=165300  out= 422  lat= 17.6s
[154/200] treasury_bulletin_2014_03.pdf                       in=108693  out= 418  lat=  8.4s
[155/200] treasury_bulletin_2014_06.pdf                       in= 77487  out= 418  lat=  6.2s
[156/200] treasury_bulletin_2014_09.pdf                       in= 77148  out= 420  lat=  6.6s
[157/200] treasury_bulletin_2014_12.pdf                       in= 93593  out= 418  lat= 12.4s
[158/200] treasury_bulletin_2015_03.pdf                       in=114892  out= 418  lat=  7.8s
[159/200] treasury_bulletin_2015_06.pdf                       in= 78017  out= 423  lat=  6.3s
[160/200] treasury_bulletin_2015_09.pdf                       in= 76752  out= 422  lat=  5.6s
[161/200] treasury_bulletin_2015_12.pdf                       in= 92847  out= 422  lat=  9.9s
[162/200] treasury_bulletin_2016_03.pdf                       in=112810  out= 417  lat=  9.8s
[163/200] treasury_bulletin_2016_06.pdf                       in= 78429  out= 419  lat=  6.1s
[164/200] treasury_bulletin_2016_09.pdf                       in= 77004  out= 417  lat=  6.0s
[165/200] treasury_bulletin_2016_12.pdf                       in= 95216  out= 514  lat=  6.7s
[166/200] treasury_bulletin_2017_03.pdf                       in=113120  out= 371  lat= 10.2s
[167/200] treasury_bulletin_2017_06.pdf                       in= 80036  out= 424  lat=  6.6s
[168/200] treasury_bulletin_2017_09.pdf                       in= 78930  out= 426  lat=  6.3s
[169/200] treasury_bulletin_2017_12.pdf                       in= 93955  out= 423  lat=  7.2s
[170/200] treasury_bulletin_2018_03.pdf                       in=118751  out= 421  lat=  7.2s
[171/200] treasury_bulletin_2018_06.pdf                       in= 78609  out= 468  lat=  8.1s
[172/200] treasury_bulletin_2018_09.pdf                       in= 78325  out= 371  lat=  6.6s
[173/200] treasury_bulletin_2018_12.pdf                       in= 92498  out= 523  lat=  9.0s
[174/200] treasury_bulletin_2019_03.pdf                       in=115562  out= 422  lat= 11.5s
[175/200] treasury_bulletin_2019_06.pdf                       in= 76987  out= 427  lat=  6.4s
[176/200] treasury_bulletin_2019_09.pdf                       in= 74821  out= 527  lat=  6.9s
[177/200] treasury_bulletin_2019_12.pdf                       in= 91845  out= 379  lat=  8.0s
[178/200] treasury_bulletin_2020_03.pdf                       in=113428  out= 374  lat=  7.2s
[179/200] treasury_bulletin_2020_06.pdf                       in= 77784  out= 523  lat=  7.6s
[180/200] treasury_bulletin_2020_09.pdf                       in= 87101  out= 426  lat=  7.3s
[181/200] treasury_bulletin_2020_12.pdf                       in=106319  out= 428  lat= 10.4s
[182/200] treasury_bulletin_2021_03.pdf                       in=125919  out= 374  lat=  8.5s
[183/200] treasury_bulletin_2021_06.pdf                       in= 81828  out= 424  lat=  6.5s
[184/200] treasury_bulletin_2021_09.pdf                       in= 81516  out= 523  lat=  7.2s
[185/200] treasury_bulletin_2021_12.pdf                       in= 97869  out= 427  lat=  9.2s
[186/200] treasury_bulletin_2022_03.pdf                       in=103285  out= 427  lat=  9.2s
[187/200] treasury_bulletin_2022_06.pdf                       in= 79713  out= 428  lat=  7.0s
[188/200] treasury_bulletin_2022_09.pdf                       in= 79929  out= 383  lat=  6.0s
[189/200] treasury_bulletin_2022_12.pdf                       in= 95661  out= 381  lat=  5.9s
[190/200] treasury_bulletin_2023_03.pdf                       in=102905  out= 428  lat=  8.1s
[191/200] Skip (done): treasury_bulletin_2023_06.pdf
[192/200] Skip (done): treasury_bulletin_2023_09.pdf
[193/200] Skip (done): treasury_bulletin_2023_12.pdf
[194/200] Skip (done): treasury_bulletin_2024_03.pdf
[195/200] Skip (done): treasury_bulletin_2024_06.pdf
[196/200] Skip (done): treasury_bulletin_2024_09.pdf
[197/200] Skip (done): treasury_bulletin_2024_12.pdf
[198/200] Skip (done): treasury_bulletin_2025_03.pdf
[199/200] Skip (done): treasury_bulletin_2025_06.pdf
[200/200] Skip (done): treasury_bulletin_2025_09.pdf

======================================================================
Total calls : 200
Input tokens: 23,346,377  (~$58.37)
Output tokens: 90,086  (~$0.90)
Total latency: 2176s (36.3m)
Labels  : /Users/yiminglin/Documents/Codebase/LSF/data/officeqa/all_labels.json
Metadata: /Users/yiminglin/Documents/Codebase/LSF/data/officeqa/gen_metadata.json
