docs=data/nopv/docs  out=data/nopv/json  total=250
[1/250] SKIP  12021057NOPV_PCO_10072021_(20-172138)
[2/250] SKIP  12021065NOPV_NOPV_PCO_12102021_(20-172057)
[3/250] SKIP  12022023NOPV_PCO_03312022_(20-194651)
[4/250] SKIP  12023022NOPV_PCO_04132023_(22-234207)
[5/250] SKIP  12023028NOPV_PCO_05252023_(22-232998)
[6/250] SKIP  12023047NOPV_PCO_12042023_(22-233293)
[7/250] SKIP  12023050NOPV_PCO_09052023_(22-233356)
[8/250] SKIP  12024001NOPV_PCO_03212024_(22-233343)
[9/250] SKIP  12024003NOPV_PCP PCO_03282024_(23-266431)
[10/250] SKIP  12024004NOPV_PCO_02152024_(22-233363)
[11/250] SKIP  12024018NOPV_PCO_08262024_(23-263980)
[12/250] SKIP  12024039NOPV_PCO_11062024_(23-276594)
[13/250] SKIP  12024051NOPV_PCO_07052024_(24-297439)
[14/250] SKIP  12025001NOPV_PCO_05302025_(23-265078)
[15/250] SKIP  12025006NOPV_PCO_05082025_(23-272518)
[16/250] SKIP  12026002NOPV_PCO_01232026_(24-295891)
[17/250] SKIP  12026003NOPV_PCO_02132026_(24-309719)
[18/250] SKIP  12026012NOPV_PCO_02062026_(25-329693)
[19/250] 12026015NOPV_PCO_02122026_(24-296051) ... OK  21.0s
[20/250] 12026022NOPV_PCO_02242026_(25-330072) ... OK  14.5s
[21/250] 12026032NOPV_PCO_02132026_ (25-330095) ... OK  12.9s
[22/250] 22023002NOPV_PCO_07282023_(21-202409) ... OK  14.5s
[23/250] 22023011NOPV_PCO_07282023_(21-202560) ... OK  20.1s
[24/250] 22023013NOPV_PCP PCO_11162023_(21-224433) ... OK  23.5s
[25/250] 22024001NOPV_PCP PCO_06272024_(24-304023) ... OK  16.4s
[26/250] 22024011NOPV_PCP PCO (AMENDED)_07092024_(22-235530) ... OK  19.2s
[27/250] 32021028NOPV_PCP PCO_11022021_(20-172212) ... OK  14.7s
[28/250] 32021043NOPV_PCP PCO_12072021_(20-179274) ... OK  35.5s
[29/250] 32021045NOPV_PCP PCO_11052021_(20-172259) ... OK  14.6s
[30/250] 32021046NOPV_PCP PCO_11232021_(20-172259) ... OK  30.8s
[31/250] 32021051NOPV_PCP PCO_11102021_(21-200403) ... OK  19.2s
[32/250] 32021059NOPV_PCP PCO_12302021_(21-200404) ... OK  20.3s
[33/250] 32021070NOPV_PCP PCO_12302021_(21-199716) ... OK  13.8s
[34/250] 32021073NOPV_PCP PCO_12222021_(20-173072) ... OK  11.1s
[35/250] 32021080NOPV_PCP PCO_12222021_(21-199715) ... OK  13.7s
[36/250] 32021082NOPV_PCO_12012021_(20-172259) ... OK  13.1s
[37/250] 32021087NOPV_PCP PCO_12132021_(21-210505) ... OK  12.9s
[38/250] 32021088NOPV_PCO_11302021_(21-210503) ... OK  11.6s
[39/250] 32021089NOPV_PCP PCO_11302021_(21-210502) ... OK  14.8s
[40/250] 32022001NOPV_PCP PCO_08082022_(21-208610) ... OK  12.5s
[41/250] 32022006NOPV_PCP PCO_04182022_(21-200783) ... OK  15.3s
[42/250] 32022016NOPV_PCO_01072022_(20-187013) ... OK  12.7s
[43/250] 32022017NOPV_PCP PCO_01112022_(21-210504) ... OK  15.1s
[44/250] 32022018NOPV_PCP PCO_01192022_(21-210993) ... OK  21.8s
[45/250] 32022024NOPV_PCO_03252022_(20-179518) ... OK  12.5s
[46/250] 32022025NOPV_PCP PCO_10142022_(20-182827) ... OK  14.8s
[47/250] 32022026NOPV_PCP PCO_05052022_(20-173062) ... OK  22.8s
[48/250] 32022033NOPV_PCP PCO_03172022_(21-203212) ... OK  13.5s
[49/250] 32022037NOPV_PCP PCO_03012022_(21-201004) ... OK  14.1s
[50/250] 32022040NOPV_PCO_02172022_(20-179276) ... OK  23.3s
[51/250] 32022045NOPV_PCP PCO_04282022_(21-201001) ... OK  15.9s
[52/250] 32022047NOPV_PCP PCO_05122022_(21-201425) ... OK  15.4s
[53/250] 32022052NOPV_PCP PCO_11102022_(21-207738) ... OK  15.9s
[54/250] 32022053NOPV_PCP PCO_08222022_(21-210151) ... OK  13.3s
[55/250] 32022055NOPV_PCO_11082022_(21-209703) ... OK  12.8s
[56/250] 32022056NOPV_PCP PCO_11082022_(21-209703) ... OK  14.0s
[57/250] 32022058NOPV_PCP PCO (AMENDED)_09142022_(22-242811) ... OK  17.0s
[58/250] 32022061NOPV_PCP PCO_12222022_(21-201318) ... OK  14.1s
[59/250] 32022062NOPV_PCO_09142022_(21-202559) ... OK  13.2s
[60/250] 32022069NOPV_PCO_11292022_(22-233904) ... OK  35.0s
[61/250] 32023002NOPV_PCP PCO_01182023_(21-202836) ... OK  13.7s
[62/250] 32023005NOPV_PCP PCO_01252023_(22-261675) ... OK  14.7s
[63/250] 32023006NOPV_PCP PCO_05042023_(22-235672) ... OK  13.4s
[64/250] 32023008NOPV_PCP PCO_06022023_(21-207275) ... OK  16.6s
[65/250] 32023011NOPV_PCP PCO_09122023_(22-233376) ... OK  18.9s
[66/250] 32023014NOPV_PCP PCO_07272023_(22-250434) ... OK  15.2s
[67/250] 32023016NOPV_PCP PCO_09082023_(22-238055) ... OK  19.4s
[68/250] 32023020NOPV_PCP PCO_08112023_(22-237273) ... OK  15.4s
[69/250] 32023021NOPV_PCP PCO_09182023_(22-245404) ... OK  18.3s
[70/250] 32023022NOPV_PCP PCO_08242023_(22-234357) ... OK  15.3s
[71/250] 32023026NOPV_PCP PCO_09082023_(22-240208) ... OK  19.7s
[72/250] 32023033NOPV_PCO_11272023_(22-234926) ... OK  12.0s
[73/250] 32024001NOPV_PCO_12192024_(24-297350) ... OK  13.1s
[74/250] 32024004NOPV_PCP PCO_03012024_(22-240209) ... OK  19.3s
[75/250] 32024007NOPV_PCO_01182024_(22-234928) ... OK  13.4s
[76/250] 32024008NOPV_PCP PCO_10252024_(22-237074) ... OK  17.6s
[77/250] 32024011NOPV_PCO_02062024_(23-264235) ... OK  14.2s
[78/250] 32024012NOPV_PCP PCO_02062024_(23-264235) ... OK  14.7s
[79/250] 32024016NOPV_PCO_02132024_(23-264316) ... OK  10.6s
[80/250] 32024019NOPV_PCO_03042024_(22-233359) ... OK  12.1s
[81/250] 32024020NOPV_PCP PCO_06132024_(21-199489) ... OK  17.9s
[82/250] 32024022NOPV_PCP PCO_05082024_(23-268060) ... OK  17.8s
[83/250] 32024028NOPV_PCO_12302024_(22-235481) ... OK  15.8s
[84/250] 32024030NOPV_PCO_06032024_(23-264637) ... OK  23.1s
[85/250] 32024035NOPV_PCO_04152024_(23-270170) ... OK  12.5s
[86/250] 32024036NOPV_PCP PCO_06282024_(23-264742) ... OK  24.3s
[87/250] 32024038NOPV_PCP PCO_05312024_(22-233382) ... OK  13.7s
[88/250] 32024040NOPV_PCP PCO_09062024_(23-264452) ... OK  17.2s
[89/250] 32024042NOPV_PCO_06032024_(23-264638) ... OK  12.3s
[90/250] 32024044NOPV_PCP PCO_04182024_(23-265891) ... OK  14.4s
[91/250] 32024045NOPV_PCP PCO_05102024_(23-264643) ... OK  17.2s
[92/250] 32024049NOPV_PCP PCO_07022024_(23-264476) ... OK  14.9s
[93/250] 32024050NOPV_PCP PCO_08282024_(23-264059) ... OK  14.9s
[94/250] 32024052NOPV_PCP PCO_07032024_(24-305436) ... OK  16.0s
[95/250] 32024053NOPV_PCO_12122024_(22-233381) ... OK  14.9s
[96/250] 32024054NOPV_PCO_08232024_(23-264382) ... OK  11.3s
[97/250] 32024056NOPV_PCP PCO_10252024_(23-264602) ... OK  20.3s
[98/250] 32024058NOPV_PCO_12042024_(23-264827) ... OK  13.3s
[99/250] 32024062NOPV_PCP PCO_11212024_(23-266139) ... OK  13.7s
[100/250] 32024066NOPV_PCP PCO_08222024_(23-282184) ... OK  13.6s
[101/250] 32024069NOPV_PCP PCO_11142024_(23-264601) ... OK  13.7s
[102/250] 32024071NOPV_PCP PCO_11142024_(23-264063) ... OK  15.1s
[103/250] 32025003NOPV_PCP PCO_01162025_(23-264381) ... OK  29.7s
[104/250] 32025004NOPV_PCO_05052025_(23-264480) ... OK  15.8s
[105/250] 32025006NOPV_PCP PCO_08182025_(23-264820) ... OK  16.2s
[106/250] 32025007NOPV_PCP PCO_06252025_(23-264832) ... OK  21.0s
[107/250] 32025008NOPV_PCP PCO_06162025_(23-264835) ... OK  14.6s
[108/250] 32025022NOPV_PCO_07182025_(24-297198) ... OK  18.4s
[109/250] 32025024NOPV_PCO_11062025_(24-297583) ... OK  16.4s
[110/250] 32025027NOPV_PCO_07012025_(24-299195) ... OK  15.0s
[111/250] 32025029NOPV_PCO_08152025_(24-297350) ... OK  15.7s
[112/250] 32026004NOPV_PCO_02032026_(25-330822) ... OK  16.8s
[113/250] 42021001NOPV_PCO_10042021_(20-172501) ... OK  19.8s
[114/250] 42021008NOPV_PCO_11152021_(20-172587) ... OK  12.9s
[115/250] 42021010NOPV_PCO_10272021_(20-172682) ... OK  14.2s
[116/250] 42021011NOPV_PCO_11022021_(20-172601) ... OK  16.5s
[117/250] 42021022NOPV_PCO_09232021_(20-186120) ... OK  12.9s
[118/250] 42021027NOPV_PCO_08182021_(20-172515) ... OK  13.7s
[119/250] 42021033NOPV_PCO_09232021_(21-220612) ... OK  12.2s
[120/250] 42021034NOPV_PCP PCO_12212021_(20-183709) ... OK  17.0s
[121/250] 42021039NOPV_PCO_11232021_(20-178576) ... OK  11.9s
[122/250] 42021047NOPV_PCO_10212021_(21-202129) ... OK  14.7s
[123/250] 42021057NOPV_PCO_11012021_(21-200343) ... OK  12.5s
[124/250] 42022001NOPV_PCO_08042022_(21-210603) ... OK  14.3s
[125/250] 42022007NOPV_PCP PCO_02112022_(21-230161) ... OK  15.1s
[126/250] 42022009NOPV_PCP PCO_01212022_(21-199753) ... OK  13.2s
[127/250] 42022015NOPV_PCO_02232021_(21-500287) ... OK  11.5s
[128/250] 42022018NOPV_PCO_02142022_(21-207285) ... OK  11.4s
[129/250] 42022025NOPV_PCO_02102022_(21-209144) ... OK  10.8s
[130/250] 42022026NOPV_PCO_01262022_(21-209158) ... OK  13.0s
[131/250] 42022028NOPV_PCO_04082022_(21-199241) ... OK  11.5s
[132/250] 42022039NOPV_PCP PCO_06172022_(21-203269) ... OK  10.9s
[133/250] 42022041NOPV_PCO_08052022_(21-199244) ... OK  12.3s
[134/250] 42022046NOPV_PCO_08052022_(22-250946) ... OK  10.9s
[135/250] 42022047NOPV_PCO_08032022_(21-199242) ... OK  16.0s
[136/250] 42022061NOPV_PCO_10312022_(22-233712) ... OK  14.0s
[137/250] 42022062NOPV_PCO_12142022_(22-234365) ... OK  13.0s
[138/250] 42023006NOPV_PCP PCO_05082023_(21-231718) ... OK  13.8s
[139/250] 42023009NOPV_PCO_01132023_(22-232746) ... OK  12.1s
[140/250] 42023010NOPV_PCP PCO_06022023_(22-232749) ... OK  13.8s
[141/250] 42023016NOPV_PCO_01312023_(21-199998) ... OK  12.0s
[142/250] 42023017NOPV_PCO_01312023_(21-199998) ... OK  11.1s
[143/250] 42023031NOPV_PCO_04202023_(22-242818) ... OK  10.4s
[144/250] 42023033NOPV_PCO_04212023_(22-249322) ... OK  13.0s
[145/250] 42023039NOPV_PCO_05112023_(22-234780) ... OK  10.5s
[146/250] 42023042NOPV_PCO_05232023_(22-235632) ... OK  10.6s
[147/250] 42023044NOPV_PCO_05042023_(22-234487) ... OK  11.3s
[148/250] 42023045NOPV_PCO_05112023_(22-232770) ... OK  10.5s
[149/250] 42023047NOPV_PCO_10182023_(22-241127) ... OK  11.9s
[150/250] 42023052NOPV_PCO_10162023_(22-235649) ... OK  11.5s
[151/250] 42023053NOPV_PCO_06132023_(21-227138) ... OK  10.7s
[152/250] 42023057NOPV_PCO_11162023_(21-209415) ... OK  9.5s
[153/250] 42024014NOPV_PCO_01302024_(21-217155) ... OK  10.0s
[154/250] 42024015NOPV_PCP PCO_03252024_(22-232769) ... OK  13.7s
[155/250] 42024020NOPV_PCP PCO_11192024_(21-207841) ... OK  14.5s
[156/250] 42024022NOPV_PCO_03202024_(23-264818) ... OK  11.3s
[157/250] 42024024NOPV_PCO_05022024_(23-264209) ... OK  10.3s
[158/250] 42024027NOPV_PCO_05312024_(23-266081) ... OK  13.0s
[159/250] 42024034NOPV_PCO_08272024_(24-299840) ... OK  10.8s
[160/250] 42024036NOPV_PCO_10222024_(23-264819) ... OK  17.4s
[161/250] 42024037NOPV_PCP PCO_10042024_(23-267490) ... OK  15.0s
[162/250] 42024042NOPV_PCO_08292024_(23-267234) ... OK  11.3s
[163/250] 42024045NOPV_PCO_10212024_(23-266145) ... OK  10.2s
[164/250] 42024046NOPV_PCO_08292024_(23-267231) ... OK  11.6s
[165/250] 42024047NOPV_PCO_10222024_(23-267237) ... OK  12.5s
[166/250] 42024048NOPV_PCO_10222024_(23-264726) ... OK  12.7s
[167/250] 42024052NOPV_PCO_10302024_(24-297498) ... OK  10.2s
[168/250] 42025002NOPV_PCO_05152025_(24-296561) ... OK  10.6s
[169/250] 42025007NOPV_PCO_10012025_(24-301886) ... OK  10.0s
[170/250] 42025012NOPV_PCP PCO_12312025_(23-292329) ... OK  25.4s
[171/250] 42025021NOPV_PCO_01082025_(23-266712) ... OK  11.1s
[172/250] 42025029NOPV_PCO_05082025_(24-296566) ... OK  10.3s
[173/250] 42025031NOPV_PCO_12222025_(24-296702) ... OK  11.8s
[174/250] 42025034NOPV_PCO_12222025_(24-296704) ... OK  12.3s
[175/250] 42025035NOPV_PCP PCO_12232025_(24-305809) ... OK  11.5s
[176/250] 42025039NOPV_PCO_07032025_(24-298760) ... OK  11.1s
[177/250] 42025040NOPV_PCO_08282025_(24-308458) ... OK  10.6s
[178/250] 42025043NOPV_PCO_11252025_(24-296703) ... OK  12.0s
[179/250] 42025047NOPV_PCO_08202025_(24-296558) ... OK  10.1s
[180/250] 42025049NOPV_PCO_07102025_(24-296979) ... OK  11.0s
[181/250] 42025056NOPV_PCP PCO_08292025_(24-296556) ... OK  13.1s
[182/250] 42025060NOPV_PCO_11042025_(24-296536) ... OK  11.6s
[183/250] 42026004NOPV_PCO_02112026_(25-329817) ... OK  8.7s
[184/250] 42026012NOPV_PCP PCO_02122026_(23-266706) ... OK  11.4s
[185/250] 42026013NOPV_PCP PCO_02182026_(23-266740) ... OK  10.5s
[186/250] 42026023NOPV_PCO_02122026_(25-329815) ... OK  10.9s
[187/250] 52021031NOPV_PCP PCO_08112021_(21-208158) ... OK  12.5s
[188/250] 52021037NOPV_PCO_09172021_(21-201448) ... OK  8.5s
[189/250] 52021051NOPV_PCO_10152021_(20-173120) ... OK  8.9s
[190/250] 52021057NOPV_PCO_12202021_(21-199974) ... OK  8.9s
[191/250] 52022002NOPV_PCO_03302022_(21-199723) ... OK  11.5s
[192/250] 52022006NOPV_PCO_09072022_(21-213178) ... OK  9.8s
[193/250] 52022008NOPV_PCO_07182022_(20-191036) ... OK  10.3s
[194/250] 52022019NOPV_PCO_03072022_(21-201443) ... OK  9.0s
[195/250] 52022021NOPV_PCO_06152022_(21-201441) ... OK  9.5s
[196/250] 52022023NOPV_PCO_04272022_(21-218958) ... OK  10.7s
[197/250] 52022024NOPV_PCO_04272022_(21-218959) ... OK  8.9s
[198/250] 52022028NOPV_PCO_09072022_(21-201439) ... OK  10.6s
[199/250] 52022037NOPV_PCP PCO_04272022_(22-236002) ... OK  9.8s
[200/250] 52022038NOPV_PCO_04122022_(21-219857) ... OK  10.8s
[201/250] 52022041NOPV_PCO_05092022_(21-219864) ... OK  10.1s
[202/250] 52022042NOPV_PCO_05132022_(21-214526) ... OK  9.5s
[203/250] 52022050NOPV_PCO_12192022_(22-232643) ... OK  9.6s
[204/250] 52022052NOPV_PCO_12012022_(22-232653) ... OK  9.7s
[205/250] 52023003NOPV_PCP PCO_04112023_(22-236099) ... OK  8.7s
[206/250] 52023009NOPV_PCP PCO_03012023_(21-217219) ... OK  12.1s
[207/250] 52023011NOPV_PCP PCO_04062023_(21-225379) ... OK  23.3s
[208/250] 52023012NOPV_PCO_03012023_(22-251101) ... OK  12.3s
[209/250] 52023016NOPV_PCO_03242023_(21-207466) ... OK  12.5s
[210/250] 52023019NOPV_PCP PCO_12272023_(22-236528) ... OK  20.3s
[211/250] 52023021NOPV_PCO_02062023_(22-239515) ... OK  11.2s
[212/250] 52023025NOPV_PCP PCO_04062023_(21-200502) ... OK  11.0s
[213/250] 52023027NOPV_PCO_01192023_(22-232634) ... OK  9.6s
[214/250] 52023029NOPV_PCP PCO_06222023_(22-251181) ... OK  16.0s
[215/250] 52023030NOPV_PCO_04172023_(21-200923) ... OK  9.0s
[216/250] 52023031NOPV_PCP PCO_10112023_(22-232626) ... OK  12.3s
[217/250] 52023033NOPV_PCO_07192023_(22-239213) ... OK  10.1s
[218/250] 52023035NOPV_PCO_10252023_(22-239214) ... OK  9.6s
[219/250] 52023037NOPV_PCP PCO_09182023_(22-232625) ... OK  11.5s
[220/250] 52023039NOPV_PCO_11022023_(22-254201) ... OK  13.9s
[221/250] 52023040NOPV_PCO_07262023_(23-264043) ... OK  8.7s
[222/250] 52023042NOPV_PCO_12262023_(22-232644) ... OK  9.9s
[223/250] 52023043NOPV_PCO_10252023_(22-239216) ... OK  9.4s
[224/250] 52023046NOPV_PCP PCO_12272023_(22-257275) ... OK  21.4s
[225/250] 52023048NOPV_PCO_11022023_(22-239215) ... OK  9.8s
[226/250] 52023052NOPV_PCO_10272023_(22-246104) ... OK  9.0s
[227/250] 52023054NOPV_PCO_08212023_(23-264167) ... OK  10.6s
[228/250] 52024001NOPV_PCO_12122024_(24-297227) ... OK  9.2s
[229/250] 52024002NOPV_PCP PCO_01292024_22-258385 ... OK  11.2s
[230/250] 52024003NOPV_PCP PCO_05222024_(22-232568) ... OK  11.1s
[231/250] 52024009NOPV_PCO_ 03042024_(22-239217) ... OK  8.9s
[232/250] 52024010NOPV_PCO_01102024_(23-264168) ... OK  9.6s
[233/250] 52024011NOPV_PCO_02232024_(23-264348) ... OK  11.9s
[234/250] 52024015NOPV_PCO_04152024_(23-264582) ... OK  13.3s
[235/250] 52024016NOPV_PCO_05232024_(23-264378) ... OK  13.4s
[236/250] 52024023NOPV_PCP PCO_08232024_(23-264166) ... OK  11.3s
[237/250] 52024026NOPV_PCO_12102024_(23-265653) ... OK  15.0s
[238/250] 52024039NOPV_PCO_12062024_(24-297378) ... OK  8.7s
[239/250] 52024040NOPV_PCO_11182024_(24-297214) ... OK  9.7s
[240/250] 52024041NOPV_PCO_12182024_(24-295915) ... OK  10.4s
[241/250] 52025006NOPV_PCP PCO_07302025_(24-296481) ... OK  9.2s
[242/250] 52025010NOPV_PCO_04252025_(24-298502) ... OK  14.8s
[243/250] 52025011NOPV_PCO_05022025_(24-305759) ... OK  10.0s
[244/250] 52025014NOPV_PCO_05022025_(24-297328) ... OK  10.4s
[245/250] 52025023NOPV_PCP PCO_10022025_(25-329886) ... OK  14.4s
[246/250] 52025026NOPV_PCO_07292025_(24-297246) ... OK  10.0s
[247/250] 52025028NOPV_PCP PCO_11172025_(24-298503) ... OK  11.1s
[248/250] 52025033NOPV_PCO_11212025_(24-297332) ... OK  11.8s
[249/250] 52025039NOPV_PCO_12082025_(24-296470) ... OK  10.3s
[250/250] 52026002NOPV_PCO_01222026_(25-331927) ... OK  12.5s

Done: ok=232  skip=18  err=0  total_time=3185.0s
